exit status 127
exit status 127
exit status 127
